[backblue.gif]
[fade.gif]
[index.html]
[maxcdn.bootstrapcdn.com/bootstrap/4.0.0-alpha.6/css/bootstrap.min.css]
[maxcdn.bootstrapcdn.com/font-awesome/4.3.0/css/font-awesome.min.css]
[www.reservhotel.com/hotel_images_fastlink/152/152_UBIM_001.jpg]
[beta.reservhotel.com/hotel_images_fastlink/152/152_UBI_001.jpg]
[beta.reservhotel.com/hotel_images_fastlink/152/152_UBIT_001.jpg]
[beta.reservhotel.com/hotel_images_fastlink/152/152_UBIM_001.jpg]
[beta.reservhotel.com/ibe5/assets/images/right-arrow-selected.png]
[beta.reservhotel.com/ibe5/assets/js/jquery-3.5.1.min.js]
[beta.reservhotel.com/ibe5/assets2/js/jquery-ui.min.js]
[beta.reservhotel.com/ibe5/assets/js/script-ck.js]
[beta.reservhotel.com/ibe5/assets/js/libs/jquery.flexslider.min.js]
[beta.reservhotel.com/ibe5/assets/js/libs/jquery.fancybox.pack.js]
[theguestbook.com/reservhotel7c65.js]
[beta.reservhotel.com/fastlink/152/RlUgV_A1K.jpg]
[beta.reservhotel.com/html/airlink/Images/amenities/Romantic-Diner-.jpg]
[beta.reservhotel.com/html/airlink/Images/amenities/VIP-Concert-Tickets.jpg]
[beta.reservhotel.com/hotel_images_fastlink/152/95_amenity_1.jpg]
[beta.reservhotel.com/html/airlink/Images/amenities/Bottle-of-Champagne.jpg]
[beta.reservhotel.com/hotel_images_fastlink/152/31_amenity_1.jpg]
[beta.reservhotel.com/html/airlink/Images/amenities/Insurance.jpg]
[beta.reservhotel.com/hotel_images_fastlink/152/103_amenity_1.jpg]
[beta.reservhotel.com/hotel_images_fastlink/152/104_amenity_1.jpg]
[beta.reservhotel.com/hotel_images_fastlink/152/105_amenity_1.jpg]
[beta.reservhotel.com/hotel_images_fastlink/152/108_amenity_1.jpg]
[beta.reservhotel.com/hotel_images_fastlink/152/107_amenity_1.jpg]
[beta.reservhotel.com/hotel_images_fastlink/152/17_amenity_1.jpg]
[beta.reservhotel.com/hotel_images_fastlink/152/13_amenity_1.jpg]
[beta.reservhotel.com/hotel_images_fastlink/152/10_amenity_1.jpg]
[beta.reservhotel.com/hotel_images_fastlink/152/16_amenity_1.jpg]
[beta.reservhotel.com/hotel_images_fastlink/152/12_amenity_1.jpg]
[beta.reservhotel.com/hotel_images_fastlink/152/5_amenity_1.jpg]
[beta.reservhotel.com/ibe5/assets/images/secure-shopping.png]
[beta.reservhotel.com/ibe4/assets/images/rhlogo.png]
[beta.reservhotel.com/win/owa/ibe5_EXT4f21.html]
[maxcdn.bootstrapcdn.com/bootstrap/4.0.0-alpha.6/css/bootstrap.min.css]
[beta.reservhotel.com/ibe5/assets/images/guestname_icon.png]
[beta.reservhotel.com/ibe5/assets/images/guestlocation_icon.png]
[beta.reservhotel.com/ibe5/assets/images/guestcontacnumber_icon.png]
[beta.reservhotel.com/ibe5/assets/images/guestemail_icon.png]
[beta.reservhotel.com/ibe5/assets/images/guestpayment_icon.png]
[beta.reservhotel.com/ibe5/assets/images/reservationdate_icon.png]
[beta.reservhotel.com/ibe5/assets/images/checkin_checkout_icon.png]
[beta.reservhotel.com/ibe5/assets/images/numbernights_icon.png]
[beta.reservhotel.com/ibe5/assets/images/number_rooms_icon.png]
[beta.reservhotel.com/ibe5/assets/images/printpage_icon.png]
[beta.reservhotel.com/ibe5/assets/images/newbooking_icon.png]
[beta.reservhotel.com/ibe5/assets/images/emailconfirmation_icon.png]
[beta.reservhotel.com/ibe5/assets/css/confirmation_new.css]
[beta.reservhotel.com/ibe5/assets/css/modal_index.css]
[beta.reservhotel.com/ibe5/assets/css/perfect-scrollbar-0.4.5.min.css]
[beta.reservhotel.com/ibe5/assets/css/fancybox_sprite.png]
[beta.reservhotel.com/ibe5/assets/css/fancybox_loading.gif]
[beta.reservhotel.com/ibe5/assets/css/blank.gif]
[beta.reservhotel.com/ibe5/assets/css/fancybox_overlay.png]
[beta.reservhotel.com/ibe5/assets/css/fancybox_sprite@2x.png]
[beta.reservhotel.com/ibe5/assets/css/fancybox_loading@2x.gif]
[beta.reservhotel.com/ibe5/assets/css/jquery.fancybox.css]
[beta.reservhotel.com/ibe5/assets2/css/images/ui-bg_flat_75_ffffff_40x100.png]
[beta.reservhotel.com/ibe5/assets2/css/images/ui-bg_highlight-soft_75_cccccc_1x100.png]
[beta.reservhotel.com/ibe5/assets2/css/images/ui-bg_glass_75_e6e6e6_1x400.png]
[beta.reservhotel.com/ibe5/assets2/css/images/ui-bg_glass_75_dadada_1x400.png]
[beta.reservhotel.com/ibe5/assets2/css/images/ui-bg_glass_65_ffffff_1x400.png]
[beta.reservhotel.com/ibe5/assets2/css/images/ui-bg_glass_55_fbf9ee_1x400.png]
[beta.reservhotel.com/ibe5/assets2/css/images/ui-bg_glass_95_fef1ec_1x400.png]
[beta.reservhotel.com/ibe5/assets2/css/images/ui-icons_222222_256x240.png]
[beta.reservhotel.com/ibe5/assets2/css/images/ui-icons_888888_256x240.png]
[beta.reservhotel.com/ibe5/assets2/css/images/ui-icons_454545_256x240.png]
[beta.reservhotel.com/ibe5/assets2/css/images/ui-icons_2e83ff_256x240.png]
[beta.reservhotel.com/ibe5/assets2/css/images/ui-icons_cd0a0a_256x240.png]
[beta.reservhotel.com/ibe5/assets2/css/images/ui-bg_flat_0_aaaaaa_40x100.png]
[beta.reservhotel.com/ibe5/assets2/css/jquery-ui.min.css]
[maxcdn.bootstrapcdn.com/font-awesome/4.3.0/css/font-awesome.min.css]
[beta.reservhotel.com/ibe5/assets2/css/jquery-ui.theme.min.css]
[beta.reservhotel.com/hotel_fastlink_css/152.css]
[beta.reservhotel.com/hotel_images_fastlink/test/152/99_image_1.html]
[beta.reservhotel.com/hotel_images_fastlink/152/86_amenity_1.html]
[beta.reservhotel.com/hotel_images_fastlink/test/152/100_image_1.html]
[beta.reservhotel.com/hotel_images_fastlink/test/152/3_image_1.html]
[beta.reservhotel.com/hotel_images_fastlink/test/152/38_image_1.html]
[beta.reservhotel.com/hotel_images_fastlink/test/152/4_image_1.html]
[beta.reservhotel.com/hotel_images_fastlink/test/152/6_image_1.html]
[beta.reservhotel.com/hotel_images_fastlink/test/152/7_image_1.html]
[beta.reservhotel.com/hotel_images_fastlink/test/152/14_image_1.html]
[beta.reservhotel.com/hotel_images_fastlink/test/152/11_image_1.html]
[beta.reservhotel.com/ibe5/assets/css/fonts/fira-sans/FiraSans-Regular.ttf]
[beta.reservhotel.com/ibe5/assets/css/fonts/fira-sans/FiraSans-Bold.ttf]
[beta.reservhotel.com/ibe5/assets/css/fonts/fira-sans/FiraSans-Thin.ttf]
[beta.reservhotel.com/ibe5/assets/css/fonts/fira-sans/FiraSans-Medium.ttf]
[beta.reservhotel.com/ibe5/assets/css/fonts/fira-sans/FiraSans-Light.ttf]
[beta.reservhotel.com/ibe5/assets/css/fonts/fira-sans/FiraSans-Italic.ttf]
[beta.reservhotel.com/ibe5/assets/css/fonts/fira-sans/FiraSans-SemiBold.ttf]
[beta.reservhotel.com/ibe5/assets/css/fonts/fira-sans/FiraSans-ExtraLight.ttf]
[beta.reservhotel.com/ibe5/assets/css/fonts/fira-sans/FiraSans-ExtraBold.ttf]
[beta.reservhotel.com/ibe5/assets/css/fonts/fira-sans/FiraSans-Book.ttf]
[beta.reservhotel.com/ibe5/assets/images/show-promotions.png]
[beta.reservhotel.com/ibe5/assets/images/promos-tag-icon.png]
[beta.reservhotel.com/ibe5/assets/images/email-icon.png]
[beta.reservhotel.com/ibe5/assets/images/travel-sum-arrow-down.png]
[beta.reservhotel.com/ibe5/assets/images/travel-sum-arrow-up.png]
[beta.reservhotel.com/ibe5/assets/images/top-right-header-img-1440.jpg]
[beta.reservhotel.com/ibe5/assets/images/us-flag.png]
[beta.reservhotel.com/ibe5/assets/images/fr-flag.png]
[beta.reservhotel.com/ibe5/assets/images/sp-flag.png]
[beta.reservhotel.com/ibe5/assets/images/de-flag.png]
[beta.reservhotel.com/ibe5/assets/images/po-flag.png]
[beta.reservhotel.com/ibe5/assets/images/pol-flag.png]
[beta.reservhotel.com/ibe5/assets/images/it-flag.png]
[beta.reservhotel.com/ibe5/assets/images/nl-flag.png]
[beta.reservhotel.com/ibe5/assets/images/cal-left.png]
[beta.reservhotel.com/ibe5/assets/images/cal-left-hover.png]
[beta.reservhotel.com/ibe5/assets/images/cal-right.png]
[beta.reservhotel.com/ibe5/assets/images/cal-right-hover.png]
[beta.reservhotel.com/ibe5/assets/images/pop-up-close.png]
[beta.reservhotel.com/ibe5/assets/images/pop-up-close-hover.png]
[beta.reservhotel.com/ibe5/assets/images/slider-big-left-arrow.png]
[beta.reservhotel.com/ibe5/assets/images/long-dp-prev-up-arrow.png]
[beta.reservhotel.com/ibe5/assets/images/slider-big-right-arrow.png]
[beta.reservhotel.com/ibe5/assets/images/long-dp-next-down-arrow.png]
[beta.reservhotel.com/ibe5/assets/images/slider-left-arrow.png]
[beta.reservhotel.com/ibe5/assets/images/slider-left-arrow-hover.png]
[beta.reservhotel.com/ibe5/assets/images/slider-right-arrow.png]
[beta.reservhotel.com/ibe5/assets/images/slider-right-arrow-hover.png]
[beta.reservhotel.com/ibe5/assets/images/right-arrow-select.png]
[beta.reservhotel.com/ibe5/assets/images/fancybox-close-btn.png]
[beta.reservhotel.com/ibe5/assets/images/fancybox-close-btn-hover.png]
[beta.reservhotel.com/ibe5/assets/images/slider-nav-circ.png]
[beta.reservhotel.com/ibe5/assets/images/slider-nav-circ-hover.png]
[beta.reservhotel.com/ibe5/assets/images/hotel-remove-btn.png]
[beta.reservhotel.com/ibe5/assets/images/hotel-remove-btn-hover.png]
[beta.reservhotel.com/ibe5/assets/images/room-arrow-down.png]
[beta.reservhotel.com/ibe5/assets/images/room-arrow-right.png]
[beta.reservhotel.com/ibe5/assets/images/collapse-arrow-up.png]
[beta.reservhotel.com/ibe5/assets/images/collapse-arrow-down.png]
[beta.reservhotel.com/ibe5/assets/images/c-cards.png]
[beta.reservhotel.com/ibe5/assets/images/green-help.png]
[beta.reservhotel.com/ibe5/assets/images/gray-bullet.png]
[beta.reservhotel.com/ibe5/assets/images/cal-icon.png]
[beta.reservhotel.com/ibe5/assets/images/right-arrow-white.png]
[beta.reservhotel.com/ibe5/assets/images/mini-arrow-down2.png]
[beta.reservhotel.com/ibe5/assets/images/datedeparture_icon.png]
[beta.reservhotel.com/ibe5/assets/images/datearrival_icon.png]
[beta.reservhotel.com/ibe5/assets/images/time_icon.png]
[beta.reservhotel.com/ibe5/assets/images/cruise.png]
[beta.reservhotel.com/ibe5/assets/css/stylenew.css]
[beta.reservhotel.com/ibe5/assets/images/icon_chat.png]
[beta.reservhotel.com/ibe5/assets/images/icon_coin.png]
[beta.reservhotel.com/ibe5/assets/images/icon_coupon.png]
[beta.reservhotel.com/ibe5/assets/css/header.css]
[beta.reservhotel.com/ibe5/assets/images/flechapasos.png]
[beta.reservhotel.com/ibe5/assets/css/breadcrumb.css]
[beta.reservhotel.com/ibe5/assets/css/footer.css]
[beta.reservhotel.com/ibe5/assets/images/flecha_abajo_btn.html]
[beta.reservhotel.com/ibe5/assets/images/icon_world.html]
